// Vitest Snapshot v1

exports[`<RecipeCard /> > should match snapshot 1`] = `
.c0 {
  display: -webkit-box;
  display: -webkit-flex;
  display: -ms-flexbox;
  display: flex;
  -webkit-flex-direction: column;
  -ms-flex-direction: column;
  flex-direction: column;
  width: 90%;
  margin: 2em auto;
  -webkit-text-decoration: none;
  text-decoration: none;
}

.c1 {
  max-width: 100%;
  width: 100%;
  height: 35vh;
  border-radius: 8px;
  object-fit: cover;
  object-position: center;
}

.c2 {
  display: -webkit-box;
  display: -webkit-flex;
  display: -ms-flexbox;
  display: flex;
  -webkit-flex-direction: column;
  -ms-flex-direction: column;
  flex-direction: column;
  padding: 0.8rem 0;
}

.c3 {
  font-size: 1.6rem;
  margin: 0 0;
  color: #5c5c5c;
  font-weight: 400;
}

.c4 {
  font-size: 1.6rem;
  margin: 0 0;
  color: #5c5c5c;
  font-weight: 400;
}

<a
  class="c0"
  href="/recipe/id"
>
  <img
    alt="Sweet Sugar"
    class="c1"
    src="image.jpg"
  />
  <div
    class="c2"
  >
    <h1
      class=""
    >
      Sweet Sugar
    </h1>
    <h3
      class="c3"
    >
      Indian
    </h3>
    <h3
      class="c3"
    >
      1 hour
    </h3>
    <h3
      class="c4"
    >
      1 / 3
      <span>
        ingredients
      </span>
    </h3>
  </div>
</a>
`;

exports[`<Recipes /> > should match snapshot 1`] = `
.c0 {
  display: -webkit-box;
  display: -webkit-flex;
  display: -ms-flexbox;
  display: flex;
  -webkit-flex-direction: column;
  -ms-flex-direction: column;
  flex-direction: column;
  width: 90%;
  margin: 2em auto;
  -webkit-text-decoration: none;
  text-decoration: none;
}

.c1 {
  max-width: 100%;
  width: 100%;
  height: 35vh;
  border-radius: 8px;
  object-fit: cover;
  object-position: center;
}

.c2 {
  display: -webkit-box;
  display: -webkit-flex;
  display: -ms-flexbox;
  display: flex;
  -webkit-flex-direction: column;
  -ms-flex-direction: column;
  flex-direction: column;
  padding: 0.8rem 0;
}

.c3 {
  font-size: 1.6rem;
  margin: 0 0;
  color: #5c5c5c;
  font-weight: 400;
}

.c4 {
  font-size: 1.6rem;
  margin: 0 0;
  color: #5c5c5c;
  font-weight: 400;
}

<div
  class=""
>
  <a
    class="c0"
    href="/recipe/id"
  >
    <img
      alt="Sweet Sugar"
      class="c1"
      src="image.jpg"
    />
    <div
      class="c2"
    >
      <h1
        class=""
      >
        Sweet Sugar
      </h1>
      <h3
        class="c3"
      >
        Indian
      </h3>
      <h3
        class="c3"
      >
        1 hour
      </h3>
      <h3
        class="c4"
      >
        1 / 3
        <span>
          ingredients
        </span>
      </h3>
    </div>
  </a>
  <a
    class="c0"
    href="/recipe/id"
  >
    <img
      alt="Sweet Sugar"
      class="c1"
      src="image.jpg"
    />
    <div
      class="c2"
    >
      <h1
        class=""
      >
        Sweet Sugar
      </h1>
      <h3
        class="c3"
      >
        Indian
      </h3>
      <h3
        class="c3"
      >
        1 hour
      </h3>
      <h3
        class="c4"
      >
        1 / 3
        <span>
          ingredients
        </span>
      </h3>
    </div>
  </a>
  <a
    class="c0"
    href="/recipe/id"
  >
    <img
      alt="Sweet Sugar"
      class="c1"
      src="image.jpg"
    />
    <div
      class="c2"
    >
      <h1
        class=""
      >
        Sweet Sugar
      </h1>
      <h3
        class="c3"
      >
        Indian
      </h3>
      <h3
        class="c3"
      >
        1 hour
      </h3>
      <h3
        class="c4"
      >
        1 / 3
        <span>
          ingredients
        </span>
      </h3>
    </div>
  </a>
</div>
`;
