// Vitest Snapshot v1

exports[`<MyPantryContainer /> > should match snapshot 1`] = `
.c5 {
  padding: 1.6rem;
  font-size: 1.6rem;
  font-weight: 700;
  background: #16426cff;
  color: #FFFFFF;
  border: none;
  margin: 0 auto;
  -webkit-letter-spacing: 0.5px;
  -moz-letter-spacing: 0.5px;
  -ms-letter-spacing: 0.5px;
  letter-spacing: 0.5px;
}

.c0 {
  width: 100%;
  display: -webkit-box;
  display: -webkit-flex;
  display: -ms-flexbox;
  display: flex;
  -webkit-flex-direction: column;
  -ms-flex-direction: column;
  flex-direction: column;
  -webkit-align-items: center;
  -webkit-box-align: center;
  -ms-flex-align: center;
  align-items: center;
}

.c0 .c4 {
  border-radius: 8px;
  width: 10.8rem;
}

.c1 {
  width: 100%;
  min-height: 4.0rem;
  background: rgba(22,66,108,0.3);
  border-radius: 8px;
  padding: 0.8rem;
  margin: 1.6rem 0;
  display: -webkit-box;
  display: -webkit-flex;
  display: -ms-flexbox;
  display: flex;
  -webkit-box-pack: space-around;
  -webkit-justify-content: space-around;
  -ms-flex-pack: space-around;
  justify-content: space-around;
  -webkit-flex-wrap: wrap;
  -ms-flex-wrap: wrap;
  flex-wrap: wrap;
  list-style: none;
}

.c2 {
  color: #FFFFFF;
  background-color: #5c5c5c;
  padding: 1.25rem;
  width: 47%;
  border-radius: 8px;
  margin: 0.8rem 0;
}

.c2 > span {
  display: -webkit-box;
  display: -webkit-flex;
  display: -ms-flexbox;
  display: flex;
  -webkit-box-pack: justify;
  -webkit-justify-content: space-between;
  -ms-flex-pack: justify;
  justify-content: space-between;
}

.c2 > span > svg {
  width: 2.5rem;
}

.c3 {
  display: inline-block;
  vertical-align: middle;
  overflow: hidden;
}

<div
  class="c0"
>
  <h1
    class=""
  >
    My Pantry
  </h1>
  <ul
    aria-label="ingredients-list"
    class="c1"
  >
    <li
      class="c2"
    >
      <span>
        banana
        <svg
          aria-hidden="true"
          class="c3"
          fill="currentColor"
          focusable="false"
          viewBox="0 0 24 24"
          xmlns="http://www.w3.org/2000/svg"
        >
          <path
            d="M0 0h24v24H0V0z"
            fill="none"
          />
          <path
            d="M19 6.41L17.59 5 12 10.59 6.41 5 5 6.41 10.59 12 5 17.59 6.41 19 12 13.41 17.59 19 19 17.59 13.41 12 19 6.41z"
          />
        </svg>
      </span>
    </li>
  </ul>
  <button
    class="c4 c5"
  >
    Search
  </button>
</div>
`;
