// Vitest Snapshot v1

exports[`<BackButton /> > should match snapshot 1`] = `
.c0 {
  width: 40px;
  height: 40px;
  color: #5c5c5c;
  background-color: #FFFFFF;
  font-size: 0.8rem;
  border-radius: 50%;
  padding: 0.7rem;
  position: absolute;
  left: 1.6rem;
  top: 1.6rem;
  cursor: pointer;
}

<svg
  class="c0"
  data-testid="back"
  fill="currentColor"
  height="1em"
  stroke="currentColor"
  stroke-width="0"
  viewBox="0 0 24 24"
  width="1em"
  xmlns="http://www.w3.org/2000/svg"
>
  <path
    d="M21 11H6.414l5.293-5.293-1.414-1.414L2.586 12l7.707 7.707 1.414-1.414L6.414 13H21z"
  />
</svg>
`;
