// Vitest Snapshot v1

exports[`<IngredientsList /> > should match snapshot 1`] = `
.c2 {
  width: 90%;
  display: block;
  padding: 1.6rem;
  font-size: 2.4rem;
  background: #f0523dff;
  color: #FFFFFF;
  border: none;
  margin: 0 auto 2.4rem;
  text-align: center;
  -webkit-text-decoration: none;
  text-decoration: none;
}

.c0 {
  padding: 2.4rem;
  padding-top: 0;
  margin: 0;
}

.c1 {
  color: #075e54;
  margin-left: 2.4rem;
}

<ul
  aria-label="ingredients-list"
  class="c0"
>
  <li
    class="c1"
  >
    sugar
  </li>
  <li
    class="c1"
  >
    pepper
  </li>
  <a
    class="c2"
    href="https://api.whatsapp.com/send?text=Come and cook sweet chilli with me. Just bring: . xoxo"
    target="_blank"
  >
    Invite a friend!
  </a>
</ul>
`;
