// Vitest Snapshot v1

exports[`<IngredientsRatio /> > should match snapshot 1`] = `
.c0 {
  font-size: 1.6rem;
  margin: 0 0;
  color: #FFFFFF;
  background-color: #000000;
  font-size: 1.2rem;
  font-weight: 400;
  position: absolute;
  right: 1.6rem;
  top: 1.6rem;
  border-radius: 8px;
  padding: 1rem;
}

<p
  class="c0"
>
  30
  <span>
    %
  </span>
</p>
`;
